// Jest Snapshot v1, https://goo.gl/fbAQLP

exports[`renders correctly renders Snapshot 1`] = `
<div>
  <div
    class="screen"
  >
    <div
      class="div"
    >
      <div
        class="overlap"
      >
        <div
          class="rectangle"
        />
        <h1
          class="heading"
        >
          Good Morning, Johny!
        </h1>
        <p
          class="subheading"
        >
          üå§ It's better to go shopping before this friday
        </p>
        <div
          class="form"
        >
          <div
            class="form-header"
          >
            <div>
              <div>
                <div
                  style="border-width: 1px; border-color: #9b9b9b; border-radius: 5px; min-height: 48px; justify-content: center; flex-direction: row; align-items: center;"
                >
                  <div
                    style="margin-bottom: 4px;"
                  >
                    <p
                      style="color: rgb(46, 56, 73); font-family: Inter; font-weight: 600; font-size: 14px; font-style: normal;"
                    >
                      üçâ Item Name
                    </p>
                  </div>
                  <div>
                    <text>
                      <input
                        name="textInput"
                        style="width: 290px; height: 40px; border-radius: 4px; border: 2px solid #ccd6e1;"
                        type="text"
                        value=""
                      />
                    </text>
                  </div>
                </div>
              </div>
            </div>
            <div
              style="margin-left: 8px;"
            >
              <div
                style="margin-left: 8px;"
              >
                <div
                  style="border-width: 1px; border-color: #9b9b9b; border-radius: 5px; min-height: 48px; justify-content: center; flex-direction: row; align-items: center;"
                >
                  <div
                    style="margin-bottom: 4px;"
                  >
                    <p
                      style="color: rgb(46, 56, 73); font-family: Inter; font-weight: 600; font-size: 14px; font-style: normal;"
                    >
                      ‚è∞ Expiry Date
                    </p>
                  </div>
                  <div>
                    <text>
                      <input
                        name="textInput"
                        style="width: 290px; height: 40px; border-radius: 4px; border: 2px solid #ccd6e1;"
                        type="text"
                        value=""
                      />
                    </text>
                  </div>
                </div>
              </div>
            </div>
            <div
              style="width: 230px; height: 40px; border-radius: 4px; background-color: rgb(0, 89, 141); display: flex; justify-content: center; align-items: center; margin-left: 8px; margin-top: 15px;"
            >
              <text />
              <div>
                <div
                  style="display: flex; flex-direction: row;"
                >
                  <div
                    style="margin-right: 17px;"
                  >
                    <text
                      style="font-family: Inter; font-weight: 700; font-size: 13px; color: rgb(255, 255, 255); text-align: center;"
                    >
                      ADD TO FRIDGE
                    </text>
                  </div>
                  <div
                    style="display: flex; justify-content: center; align-items: center;"
                  />
                </div>
              </div>
            </div>
          </div>
          <div
            class="form-subText-container"
          >
            <p
              class="form-subText"
            >
              ‚ö†Ô∏è We don't want more than one piece of the same food in our fridge.
            </p>
          </div>
        </div>
      </div>
      <div
        class="loding"
      >
        Loading fridge items..
      </div>
    </div>
  </div>
</div>
`;
